Archive member included because of file (symbol)

c:/winavr-20100110/bin/../lib/gcc/avr/4.3.3/avr5\libgcc.a(_udivmodqi4.o)
                              ./APP/SENDER_RECIVER/SENDER_RECIVER_Program.o (__udivmodqi4)
c:/winavr-20100110/bin/../lib/gcc/avr/4.3.3/avr5\libgcc.a(_udivmodhi4.o)
                              ./MCAL/Timer1/Timer1_Program.o (__udivmodhi4)
c:/winavr-20100110/bin/../lib/gcc/avr/4.3.3/avr5\libgcc.a(_divmodsi4.o)
                              ./MCAL/Timer1/Timer1_Program.o (__divmodsi4)
c:/winavr-20100110/bin/../lib/gcc/avr/4.3.3/avr5\libgcc.a(_exit.o)
                              c:/winavr-20100110/bin/../lib/gcc/avr/4.3.3/../../../../avr/lib/avr5/crtm32.o (exit)
c:/winavr-20100110/bin/../lib/gcc/avr/4.3.3/avr5\libgcc.a(_copy_data.o)
                              ./HAL/KEYPAD/KEYPAD_Program.o (__do_copy_data)
c:/winavr-20100110/bin/../lib/gcc/avr/4.3.3/avr5\libgcc.a(_clear_bss.o)
                              ./MCAL/Timer0/Timer0_Program.o (__do_clear_bss)
c:/winavr-20100110/bin/../lib/gcc/avr/4.3.3/avr5\libgcc.a(_udivmodsi4.o)
                              c:/winavr-20100110/bin/../lib/gcc/avr/4.3.3/avr5\libgcc.a(_divmodsi4.o) (__udivmodsi4)

Memory Configuration

Name             Origin             Length             Attributes
text             0x00000000         0x00020000         xr
data             0x00800060         0x0000ffa0         rw !x
eeprom           0x00810000         0x00010000         rw !x
fuse             0x00820000         0x00000400         rw !x
lock             0x00830000         0x00000400         rw !x
signature        0x00840000         0x00000400         rw !x
*default*        0x00000000         0xffffffff

Linker script and memory map

LOAD c:/winavr-20100110/bin/../lib/gcc/avr/4.3.3/../../../../avr/lib/avr5/crtm32.o
LOAD ./MCAL/UART/UART_Program.o
LOAD ./MCAL/Timer1/Timer1_Program.o
LOAD ./MCAL/Timer0/Timer0_Program.o
LOAD ./MCAL/SPI/SPI_Program.o
LOAD ./MCAL/External_Interrupt/External_Interrupt_Program.o
LOAD ./MCAL/DIO/DIO_Program.o
LOAD ./MCAL/ADC/ADC_Program.o
LOAD ./HAL/SWITCH/SWITCH_Program.o
LOAD ./HAL/LCD/LCD_Program.o
LOAD ./HAL/KEYPAD/KEYPAD_Program.o
LOAD ./APP/all_main/main_2.o
LOAD ./APP/SENDER_RECIVER/SENDER_RECIVER_Program.o
LOAD ./APP/Infotaiment/Infotainment_Program.o
LOAD ./main.o
LOAD c:/winavr-20100110/bin/../lib/gcc/avr/4.3.3/avr5\libgcc.a
LOAD c:/winavr-20100110/bin/../lib/gcc/avr/4.3.3/../../../../avr/lib/avr5\libc.a
LOAD c:/winavr-20100110/bin/../lib/gcc/avr/4.3.3/avr5\libgcc.a

.hash
 *(.hash)

.dynsym
 *(.dynsym)

.dynstr
 *(.dynstr)

.gnu.version
 *(.gnu.version)

.gnu.version_d
 *(.gnu.version_d)

.gnu.version_r
 *(.gnu.version_r)

.rel.init
 *(.rel.init)

.rela.init
 *(.rela.init)

.rel.text
 *(.rel.text)
 *(.rel.text.*)
 *(.rel.gnu.linkonce.t*)

.rela.text
 *(.rela.text)
 *(.rela.text.*)
 *(.rela.gnu.linkonce.t*)

.rel.fini
 *(.rel.fini)

.rela.fini
 *(.rela.fini)

.rel.rodata
 *(.rel.rodata)
 *(.rel.rodata.*)
 *(.rel.gnu.linkonce.r*)

.rela.rodata
 *(.rela.rodata)
 *(.rela.rodata.*)
 *(.rela.gnu.linkonce.r*)

.rel.data
 *(.rel.data)
 *(.rel.data.*)
 *(.rel.gnu.linkonce.d*)

.rela.data
 *(.rela.data)
 *(.rela.data.*)
 *(.rela.gnu.linkonce.d*)

.rel.ctors
 *(.rel.ctors)

.rela.ctors
 *(.rela.ctors)

.rel.dtors
 *(.rel.dtors)

.rela.dtors
 *(.rela.dtors)

.rel.got
 *(.rel.got)

.rela.got
 *(.rela.got)

.rel.bss
 *(.rel.bss)

.rela.bss
 *(.rela.bss)

.rel.plt
 *(.rel.plt)

.rela.plt
 *(.rela.plt)

.text           0x00000000     0x13b4
 *(.vectors)
 .vectors       0x00000000       0x54 c:/winavr-20100110/bin/../lib/gcc/avr/4.3.3/../../../../avr/lib/avr5/crtm32.o
                0x00000000                __vectors
                0x00000000                __vector_default
 *(.vectors)
 *(.progmem.gcc*)
 *(.progmem*)
                0x00000054                . = ALIGN (0x2)
                0x00000054                __trampolines_start = .
 *(.trampolines)
 .trampolines   0x00000054        0x0 linker stubs
 *(.trampolines*)
                0x00000054                __trampolines_end = .
 *(.jumptables)
 *(.jumptables*)
 *(.lowtext)
 *(.lowtext*)
                0x00000054                __ctors_start = .
 *(.ctors)
                0x00000054                __ctors_end = .
                0x00000054                __dtors_start = .
 *(.dtors)
                0x00000054                __dtors_end = .
 SORT(*)(.ctors)
 SORT(*)(.dtors)
 *(.init0)
 .init0         0x00000054        0x0 c:/winavr-20100110/bin/../lib/gcc/avr/4.3.3/../../../../avr/lib/avr5/crtm32.o
                0x00000054                __init
 *(.init0)
 *(.init1)
 *(.init1)
 *(.init2)
 .init2         0x00000054        0xc c:/winavr-20100110/bin/../lib/gcc/avr/4.3.3/../../../../avr/lib/avr5/crtm32.o
 *(.init2)
 *(.init3)
 *(.init3)
 *(.init4)
 .init4         0x00000060       0x16 c:/winavr-20100110/bin/../lib/gcc/avr/4.3.3/avr5\libgcc.a(_copy_data.o)
                0x00000060                __do_copy_data
 .init4         0x00000076       0x10 c:/winavr-20100110/bin/../lib/gcc/avr/4.3.3/avr5\libgcc.a(_clear_bss.o)
                0x00000076                __do_clear_bss
 *(.init4)
 *(.init5)
 *(.init5)
 *(.init6)
 *(.init6)
 *(.init7)
 *(.init7)
 *(.init8)
 *(.init8)
 *(.init9)
 .init9         0x00000086        0x8 c:/winavr-20100110/bin/../lib/gcc/avr/4.3.3/../../../../avr/lib/avr5/crtm32.o
 *(.init9)
 *(.text)
 .text          0x0000008e        0x4 c:/winavr-20100110/bin/../lib/gcc/avr/4.3.3/../../../../avr/lib/avr5/crtm32.o
                0x0000008e                __vector_12
                0x0000008e                __bad_interrupt
                0x0000008e                __vector_6
                0x0000008e                __vector_3
                0x0000008e                __vector_11
                0x0000008e                __vector_13
                0x0000008e                __vector_17
                0x0000008e                __vector_19
                0x0000008e                __vector_7
                0x0000008e                __vector_5
                0x0000008e                __vector_4
                0x0000008e                __vector_9
                0x0000008e                __vector_2
                0x0000008e                __vector_15
                0x0000008e                __vector_8
                0x0000008e                __vector_14
                0x0000008e                __vector_16
                0x0000008e                __vector_18
                0x0000008e                __vector_20
 .text          0x00000092        0x0 ./MCAL/UART/UART_Program.o
 .text          0x00000092        0x0 ./MCAL/Timer1/Timer1_Program.o
 .text          0x00000092        0x0 ./MCAL/Timer0/Timer0_Program.o
 .text          0x00000092        0x0 ./MCAL/SPI/SPI_Program.o
 .text          0x00000092        0x0 ./MCAL/External_Interrupt/External_Interrupt_Program.o
 .text          0x00000092        0x0 ./MCAL/DIO/DIO_Program.o
 .text          0x00000092        0x0 ./MCAL/ADC/ADC_Program.o
 .text          0x00000092        0x0 ./HAL/SWITCH/SWITCH_Program.o
 .text          0x00000092        0x0 ./HAL/LCD/LCD_Program.o
 .text          0x00000092        0x0 ./HAL/KEYPAD/KEYPAD_Program.o
 .text          0x00000092        0x0 ./APP/all_main/main_2.o
 .text          0x00000092        0x0 ./APP/SENDER_RECIVER/SENDER_RECIVER_Program.o
 .text          0x00000092        0x0 ./APP/Infotaiment/Infotainment_Program.o
 .text          0x00000092        0x0 ./main.o
 .text          0x00000092        0x0 c:/winavr-20100110/bin/../lib/gcc/avr/4.3.3/avr5\libgcc.a(_udivmodqi4.o)
 .text          0x00000092        0x0 c:/winavr-20100110/bin/../lib/gcc/avr/4.3.3/avr5\libgcc.a(_udivmodhi4.o)
 .text          0x00000092        0x0 c:/winavr-20100110/bin/../lib/gcc/avr/4.3.3/avr5\libgcc.a(_divmodsi4.o)
 .text          0x00000092        0x0 c:/winavr-20100110/bin/../lib/gcc/avr/4.3.3/avr5\libgcc.a(_exit.o)
 .text          0x00000092        0x0 c:/winavr-20100110/bin/../lib/gcc/avr/4.3.3/avr5\libgcc.a(_copy_data.o)
 .text          0x00000092        0x0 c:/winavr-20100110/bin/../lib/gcc/avr/4.3.3/avr5\libgcc.a(_clear_bss.o)
 .text          0x00000092        0x0 c:/winavr-20100110/bin/../lib/gcc/avr/4.3.3/avr5\libgcc.a(_udivmodsi4.o)
                0x00000092                . = ALIGN (0x2)
 *(.text.*)
 .text.UART_Init
                0x00000092       0x4e ./MCAL/UART/UART_Program.o
                0x00000092                UART_Init
 .text.UART_TransmitData
                0x000000e0        0x8 ./MCAL/UART/UART_Program.o
                0x000000e0                UART_TransmitData
 .text.UART_ReceivetData
                0x000000e8        0x8 ./MCAL/UART/UART_Program.o
                0x000000e8                UART_ReceivetData
 .text.PWM_Generate
                0x000000f0       0x76 ./MCAL/Timer1/Timer1_Program.o
                0x000000f0                PWM_Generate
 .text.PMW_Init
                0x00000166       0x66 ./MCAL/Timer1/Timer1_Program.o
                0x00000166                PMW_Init
 .text.Timer0_SetConfig
                0x000001cc       0x30 ./MCAL/Timer0/Timer0_Program.o
                0x000001cc                Timer0_SetConfig
 .text.TIMER0_Delay_With_Blocking
                0x000001fc       0x38 ./MCAL/Timer0/Timer0_Program.o
                0x000001fc                TIMER0_Delay_With_Blocking
 .text.__vector_10
                0x00000234       0x2e ./MCAL/Timer0/Timer0_Program.o
                0x00000234                __vector_10
 .text.Timer0_Init
                0x00000262        0xc ./MCAL/Timer0/Timer0_Program.o
                0x00000262                Timer0_Init
 .text.SPI_TransmitData
                0x0000026e        0x8 ./MCAL/SPI/SPI_Program.o
                0x0000026e                SPI_TransmitData
 .text.SPI_ReceivetData
                0x00000276        0x8 ./MCAL/SPI/SPI_Program.o
                0x00000276                SPI_ReceivetData
 .text.SPI_Init
                0x0000027e       0x4c ./MCAL/SPI/SPI_Program.o
                0x0000027e                SPI_Init
 .text.EXT_INT_Init
                0x000002ca        0xe ./MCAL/External_Interrupt/External_Interrupt_Program.o
                0x000002ca                EXT_INT_Init
 .text.EXT_INT_SET_CONFIG
                0x000002d8       0x32 ./MCAL/External_Interrupt/External_Interrupt_Program.o
                0x000002d8                EXT_INT_SET_CONFIG
 .text.__vector_1
                0x0000030a       0x4c ./MCAL/External_Interrupt/External_Interrupt_Program.o
                0x0000030a                __vector_1
 .text.DIO_vSetPortDirection
                0x00000356       0x84 ./MCAL/DIO/DIO_Program.o
                0x00000356                DIO_vSetPortDirection
 .text.DIO_vWritePortValue
                0x000003da       0x28 ./MCAL/DIO/DIO_Program.o
                0x000003da                DIO_vWritePortValue
 .text.DIO_uReadPortDirection
                0x00000402       0x2a ./MCAL/DIO/DIO_Program.o
                0x00000402                DIO_uReadPortDirection
 .text.DIO_vSetPinDirection
                0x0000042c      0x18c ./MCAL/DIO/DIO_Program.o
                0x0000042c                DIO_vSetPinDirection
 .text.DIO_vWritePinValue
                0x000005b8       0xfa ./MCAL/DIO/DIO_Program.o
                0x000005b8                DIO_vWritePinValue
 .text.DIO_uReadPinDirection
                0x000006b2       0x6a ./MCAL/DIO/DIO_Program.o
                0x000006b2                DIO_uReadPinDirection
 .text.DIO_vTogglePin
                0x0000071c       0x70 ./MCAL/DIO/DIO_Program.o
                0x0000071c                DIO_vTogglePin
 .text.ADC_StartConversion
                0x0000078c        0x4 ./MCAL/ADC/ADC_Program.o
                0x0000078c                ADC_StartConversion
 .text.ADC_GetConvertedValue
                0x00000790       0x14 ./MCAL/ADC/ADC_Program.o
                0x00000790                ADC_GetConvertedValue
 .text.ADC_Config
                0x000007a4       0x24 ./MCAL/ADC/ADC_Program.o
                0x000007a4                ADC_Config
 .text.ADC_Init
                0x000007c8        0xe ./MCAL/ADC/ADC_Program.o
                0x000007c8                ADC_Init
 .text.SWITCH_uDebounceKey
                0x000007d6       0x50 ./HAL/SWITCH/SWITCH_Program.o
                0x000007d6                SWITCH_uDebounceKey
 .text.SWITCH_uGetSwitchValue
                0x00000826        0x6 ./HAL/SWITCH/SWITCH_Program.o
                0x00000826                SWITCH_uGetSwitchValue
 .text.LCD_vSendCharacter
                0x0000082c      0x118 ./HAL/LCD/LCD_Program.o
                0x0000082c                LCD_vSendCharacter
 .text.LCD_vSendString
                0x00000944       0x2c ./HAL/LCD/LCD_Program.o
                0x00000944                LCD_vSendString
 .text.LCD_vSendCommand
                0x00000970      0x118 ./HAL/LCD/LCD_Program.o
                0x00000970                LCD_vSendCommand
 .text.LCD_vGotoxy
                0x00000a88       0x1e ./HAL/LCD/LCD_Program.o
                0x00000a88                LCD_vGotoxy
 .text.LCD_vClear
                0x00000aa6        0x8 ./HAL/LCD/LCD_Program.o
                0x00000aa6                LCD_vClear
 .text.LCD_vInit
                0x00000aae       0xb8 ./HAL/LCD/LCD_Program.o
                0x00000aae                LCD_vInit
 .text.KEYPAD_uGetKey
                0x00000b66       0xda ./HAL/KEYPAD/KEYPAD_Program.o
                0x00000b66                KEYPAD_uGetKey
 .text.KEYPAD_vInit
                0x00000c40       0x5c ./HAL/KEYPAD/KEYPAD_Program.o
                0x00000c40                KEYPAD_vInit
 .text.APP_vFinalProject
                0x00000c9c      0x144 ./APP/SENDER_RECIVER/SENDER_RECIVER_Program.o
                0x00000c9c                APP_vFinalProject
 .text.APP_vProject
                0x00000de0      0x510 ./APP/Infotaiment/Infotainment_Program.o
                0x00000de0                APP_vProject
 .text.main     0x000012f0        0x6 ./main.o
                0x000012f0                main
 .text.libgcc   0x000012f6       0x18 c:/winavr-20100110/bin/../lib/gcc/avr/4.3.3/avr5\libgcc.a(_udivmodqi4.o)
                0x000012f6                __udivmodqi4
 .text.libgcc   0x0000130e       0x28 c:/winavr-20100110/bin/../lib/gcc/avr/4.3.3/avr5\libgcc.a(_udivmodhi4.o)
                0x0000130e                __udivmodhi4
 .text.libgcc   0x00001336       0x36 c:/winavr-20100110/bin/../lib/gcc/avr/4.3.3/avr5\libgcc.a(_divmodsi4.o)
                0x00001336                __divmodsi4
 .text.libgcc   0x0000136c        0x0 c:/winavr-20100110/bin/../lib/gcc/avr/4.3.3/avr5\libgcc.a(_exit.o)
 .text.libgcc   0x0000136c        0x0 c:/winavr-20100110/bin/../lib/gcc/avr/4.3.3/avr5\libgcc.a(_copy_data.o)
 .text.libgcc   0x0000136c        0x0 c:/winavr-20100110/bin/../lib/gcc/avr/4.3.3/avr5\libgcc.a(_clear_bss.o)
 .text.libgcc   0x0000136c       0x44 c:/winavr-20100110/bin/../lib/gcc/avr/4.3.3/avr5\libgcc.a(_udivmodsi4.o)
                0x0000136c                __udivmodsi4
                0x000013b0                . = ALIGN (0x2)
 *(.fini9)
 .fini9         0x000013b0        0x0 c:/winavr-20100110/bin/../lib/gcc/avr/4.3.3/avr5\libgcc.a(_exit.o)
                0x000013b0                exit
                0x000013b0                _exit
 *(.fini9)
 *(.fini8)
 *(.fini8)
 *(.fini7)
 *(.fini7)
 *(.fini6)
 *(.fini6)
 *(.fini5)
 *(.fini5)
 *(.fini4)
 *(.fini4)
 *(.fini3)
 *(.fini3)
 *(.fini2)
 *(.fini2)
 *(.fini1)
 *(.fini1)
 *(.fini0)
 .fini0         0x000013b0        0x4 c:/winavr-20100110/bin/../lib/gcc/avr/4.3.3/avr5\libgcc.a(_exit.o)
 *(.fini0)
                0x000013b4                _etext = .

.data           0x00800060      0x124 load address 0x000013b4
                0x00800060                PROVIDE (__data_start, .)
 *(.data)
 .data          0x00800060        0x0 c:/winavr-20100110/bin/../lib/gcc/avr/4.3.3/../../../../avr/lib/avr5/crtm32.o
 .data          0x00800060        0x0 ./MCAL/UART/UART_Program.o
 .data          0x00800060        0x0 ./MCAL/Timer1/Timer1_Program.o
 .data          0x00800060        0x0 ./MCAL/Timer0/Timer0_Program.o
 .data          0x00800060        0x0 ./MCAL/SPI/SPI_Program.o
 .data          0x00800060        0x0 ./MCAL/External_Interrupt/External_Interrupt_Program.o
 .data          0x00800060        0x0 ./MCAL/DIO/DIO_Program.o
 .data          0x00800060        0x0 ./MCAL/ADC/ADC_Program.o
 .data          0x00800060        0x0 ./HAL/SWITCH/SWITCH_Program.o
 .data          0x00800060        0x0 ./HAL/LCD/LCD_Program.o
 .data          0x00800060        0x0 ./HAL/KEYPAD/KEYPAD_Program.o
 .data          0x00800060        0x0 ./APP/all_main/main_2.o
 .data          0x00800060        0xf ./APP/SENDER_RECIVER/SENDER_RECIVER_Program.o
 .data          0x0080006f      0x105 ./APP/Infotaiment/Infotainment_Program.o
 .data          0x00800174        0x0 ./main.o
 .data          0x00800174        0x0 c:/winavr-20100110/bin/../lib/gcc/avr/4.3.3/avr5\libgcc.a(_udivmodqi4.o)
 .data          0x00800174        0x0 c:/winavr-20100110/bin/../lib/gcc/avr/4.3.3/avr5\libgcc.a(_udivmodhi4.o)
 .data          0x00800174        0x0 c:/winavr-20100110/bin/../lib/gcc/avr/4.3.3/avr5\libgcc.a(_divmodsi4.o)
 .data          0x00800174        0x0 c:/winavr-20100110/bin/../lib/gcc/avr/4.3.3/avr5\libgcc.a(_exit.o)
 .data          0x00800174        0x0 c:/winavr-20100110/bin/../lib/gcc/avr/4.3.3/avr5\libgcc.a(_copy_data.o)
 .data          0x00800174        0x0 c:/winavr-20100110/bin/../lib/gcc/avr/4.3.3/avr5\libgcc.a(_clear_bss.o)
 .data          0x00800174        0x0 c:/winavr-20100110/bin/../lib/gcc/avr/4.3.3/avr5\libgcc.a(_udivmodsi4.o)
 *(.data*)
 *(.rodata)
 *(.rodata*)
 .rodata.C.0.1284
                0x00800174       0x10 ./HAL/KEYPAD/KEYPAD_Program.o
 *(.gnu.linkonce.d*)
                0x00800184                . = ALIGN (0x2)
                0x00800184                _edata = .
                0x00800184                PROVIDE (__data_end, .)

.bss            0x00800184        0x6
                0x00800184                PROVIDE (__bss_start, .)
 *(.bss)
 .bss           0x00800184        0x0 c:/winavr-20100110/bin/../lib/gcc/avr/4.3.3/../../../../avr/lib/avr5/crtm32.o
 .bss           0x00800184        0x0 ./MCAL/UART/UART_Program.o
 .bss           0x00800184        0x0 ./MCAL/Timer1/Timer1_Program.o
 .bss           0x00800184        0x0 ./MCAL/Timer0/Timer0_Program.o
 .bss           0x00800184        0x0 ./MCAL/SPI/SPI_Program.o
 .bss           0x00800184        0x0 ./MCAL/External_Interrupt/External_Interrupt_Program.o
 .bss           0x00800184        0x0 ./MCAL/DIO/DIO_Program.o
 .bss           0x00800184        0x0 ./MCAL/ADC/ADC_Program.o
 .bss           0x00800184        0x0 ./HAL/SWITCH/SWITCH_Program.o
 .bss           0x00800184        0x0 ./HAL/LCD/LCD_Program.o
 .bss           0x00800184        0x0 ./HAL/KEYPAD/KEYPAD_Program.o
 .bss           0x00800184        0x0 ./APP/all_main/main_2.o
 .bss           0x00800184        0x0 ./APP/SENDER_RECIVER/SENDER_RECIVER_Program.o
 .bss           0x00800184        0x0 ./APP/Infotaiment/Infotainment_Program.o
 .bss           0x00800184        0x0 ./main.o
 .bss           0x00800184        0x0 c:/winavr-20100110/bin/../lib/gcc/avr/4.3.3/avr5\libgcc.a(_udivmodqi4.o)
 .bss           0x00800184        0x0 c:/winavr-20100110/bin/../lib/gcc/avr/4.3.3/avr5\libgcc.a(_udivmodhi4.o)
 .bss           0x00800184        0x0 c:/winavr-20100110/bin/../lib/gcc/avr/4.3.3/avr5\libgcc.a(_divmodsi4.o)
 .bss           0x00800184        0x0 c:/winavr-20100110/bin/../lib/gcc/avr/4.3.3/avr5\libgcc.a(_exit.o)
 .bss           0x00800184        0x0 c:/winavr-20100110/bin/../lib/gcc/avr/4.3.3/avr5\libgcc.a(_copy_data.o)
 .bss           0x00800184        0x0 c:/winavr-20100110/bin/../lib/gcc/avr/4.3.3/avr5\libgcc.a(_clear_bss.o)
 .bss           0x00800184        0x0 c:/winavr-20100110/bin/../lib/gcc/avr/4.3.3/avr5\libgcc.a(_udivmodsi4.o)
 *(.bss*)
 .bss.Timer_Ticks
                0x00800184        0x2 ./MCAL/Timer0/Timer0_Program.o
                0x00800184                Timer_Ticks
 .bss.time_reached
                0x00800186        0x2 ./MCAL/Timer0/Timer0_Program.o
                0x00800186                time_reached
 .bss.ticks.1332
                0x00800188        0x2 ./MCAL/Timer0/Timer0_Program.o
 *(COMMON)
                0x0080018a                PROVIDE (__bss_end, .)
                0x000013b4                __data_load_start = LOADADDR (.data)
                0x000014d8                __data_load_end = (__data_load_start + SIZEOF (.data))

.noinit         0x0080018a        0x0
                0x0080018a                PROVIDE (__noinit_start, .)
 *(.noinit*)
                0x0080018a                PROVIDE (__noinit_end, .)
                0x0080018a                _end = .
                0x0080018a                PROVIDE (__heap_start, .)

.eeprom         0x00810000        0x0
 *(.eeprom*)
                0x00810000                __eeprom_end = .

.fuse
 *(.fuse)
 *(.lfuse)
 *(.hfuse)
 *(.efuse)

.lock
 *(.lock*)

.signature
 *(.signature*)

.stab
 *(.stab)

.stabstr
 *(.stabstr)

.stab.excl
 *(.stab.excl)

.stab.exclstr
 *(.stab.exclstr)

.stab.index
 *(.stab.index)

.stab.indexstr
 *(.stab.indexstr)

.comment
 *(.comment)

.debug
 *(.debug)

.line
 *(.line)

.debug_srcinfo
 *(.debug_srcinfo)

.debug_sfnames
 *(.debug_sfnames)

.debug_aranges
 *(.debug_aranges)

.debug_pubnames
 *(.debug_pubnames)

.debug_info
 *(.debug_info)
 *(.gnu.linkonce.wi.*)

.debug_abbrev
 *(.debug_abbrev)

.debug_line
 *(.debug_line)

.debug_frame
 *(.debug_frame)

.debug_str
 *(.debug_str)

.debug_loc
 *(.debug_loc)

.debug_macinfo
 *(.debug_macinfo)
OUTPUT(Revision.elf elf32-avr)
LOAD linker stubs
